// Jest Snapshot v1, https://goo.gl/fbAQLP

exports[`should match addition snapshot 1`] = `
Object {
  "kind": 6,
  "left": Object {
    "kind": 0,
    "representation": 0,
    "value": 1,
  },
  "right": Object {
    "kind": 0,
    "representation": 0,
    "value": 2,
  },
}
`;

exports[`should match chain addition snapshot 1`] = `
Object {
  "kind": 7,
  "left": Object {
    "kind": 6,
    "left": Object {
      "kind": 0,
      "representation": 0,
      "value": 1,
    },
    "right": Object {
      "kind": 0,
      "representation": 0,
      "value": 2,
    },
  },
  "right": Object {
    "kind": 0,
    "representation": 0,
    "value": 2,
  },
}
`;

exports[`should match division snapshot 1`] = `
Object {
  "kind": 9,
  "left": Object {
    "kind": 0,
    "representation": 0,
    "value": 1,
  },
  "right": Object {
    "kind": 0,
    "representation": 0,
    "value": 2,
  },
}
`;

exports[`should match multiplication and addition snapshot 1`] = `
Object {
  "kind": 6,
  "left": Object {
    "kind": 0,
    "representation": 0,
    "value": 1,
  },
  "right": Object {
    "kind": 8,
    "left": Object {
      "kind": 0,
      "representation": 0,
      "value": 2,
    },
    "right": Object {
      "kind": 0,
      "representation": 0,
      "value": 2,
    },
  },
}
`;

exports[`should match multiplication snapshot 1`] = `
Object {
  "kind": 8,
  "left": Object {
    "kind": 0,
    "representation": 0,
    "value": 1,
  },
  "right": Object {
    "kind": 0,
    "representation": 0,
    "value": 2,
  },
}
`;

exports[`should match precedence snapshot 1`] = `
Object {
  "kind": 8,
  "left": Object {
    "kind": 6,
    "left": Object {
      "kind": 0,
      "representation": 0,
      "value": 1,
    },
    "right": Object {
      "kind": 0,
      "representation": 0,
      "value": 2,
    },
  },
  "right": Object {
    "kind": 0,
    "representation": 0,
    "value": 2,
  },
}
`;

exports[`should match substraction snapshot 1`] = `
Object {
  "kind": 7,
  "left": Object {
    "kind": 0,
    "representation": 0,
    "value": 1,
  },
  "right": Object {
    "kind": 0,
    "representation": 0,
    "value": 2,
  },
}
`;
